// Jest Snapshot v1, https://goo.gl/fbAQLP

exports[`Tests in <GifExpertApp /> Should show the component correctly 1`] = `
<Fragment>
  <h2>
    GifExpertApp
  </h2>
  <AddCategory
    setCategories={[Function]}
  />
  <ol />
</Fragment>
`;
