// Jest Snapshot v1, https://goo.gl/fbAQLP

exports[`Tests in <GifGrid /> Should show the component correctly 1`] = `
<Fragment>
  <h3>
    Dragon Ball
  </h3>
  <p
    className="animate__animated animate__flash"
  >
    Loading...
  </p>
  <div
    className="card-grid"
  />
</Fragment>
`;
