// Jest Snapshot v1, https://goo.gl/fbAQLP

exports[`Tests in <MultipleCustomHooks /> Should show correctly 1`] = `
<div>
  <h1>
    Breaking Bad quotes
  </h1>
  <hr />
  <div
    className="alert alert-info text-center"
  >
    Loading...
  </div>
  <button
    className="btn btn-primary"
  >
    Previous quote
  </button>
  <button
    className="btn btn-primary"
    onClick={[Function]}
  >
    Next quote
  </button>
</div>
`;
