// Jest Snapshot v1, https://goo.gl/fbAQLP

exports[`Tests in <HookApp /> Should show the component correctly 1`] = `
<div>
  <h1>
    Hello World
  </h1>
</div>
`;
