// Jest Snapshot v1, https://goo.gl/fbAQLP

exports[`Tests in <RealExampleRef /> Should show correctly 1`] = `
<div>
  <h1>
    Real Example of useRef
  </h1>
  <hr />
  <button
    className="btn btn-outline-primary mt-3"
    onClick={[Function]}
  >
    Show/Hide
  </button>
</div>
`;
