// Jest Snapshot v1, https://goo.gl/fbAQLP

exports[`Test <FirstApp/> should show component <FirstApp /> right 1`] = `
<Fragment>
  <h1>
    Hello World
  </h1>
  <p>
    I am a subtitle
  </p>
</Fragment>
`;
