// Jest Snapshot v1, https://goo.gl/fbAQLP

exports[`Tests in <Navbar/> Should render correctly  1`] = `
<nav
  className="navbar navbar-expand-lg navbar-dark bg-dark"
>
  <div
    className="container-fluid"
  >
    <a
      aria-current={null}
      className="navbar-brand"
      onClick={[Function]}
    >
      HeroesApp
    </a>
    <button
      aria-controls="navbar"
      aria-expanded="false"
      aria-label="Toggle navigation"
      className="navbar-toggler"
      data-bs-target="#navbar"
      data-bs-toggle="collapse"
      type="button"
    >
      <span
        className="navbar-toggler-icon"
      />
    </button>
    <div
      className="collapse navbar-collapse"
      id="navbar"
    >
      <div
        className="navbar-nav me-auto mb-2 mb-lg-0"
      >
        <a
          aria-current={null}
          className="nav-item nav-link"
          onClick={[Function]}
        >
          Marvel
        </a>
        <a
          aria-current={null}
          className="nav-item nav-link"
          onClick={[Function]}
        >
          DC
        </a>
        <a
          aria-current={null}
          className="nav-item nav-link"
          onClick={[Function]}
        >
          Search
        </a>
        <hr />
        <span
          className="nav-item nav-link text-info"
        >
          Raul
        </span>
        <button
          className="nav-item nav-link btn btn-login"
          onClick={[Function]}
        >
          Logout
        </button>
      </div>
    </div>
  </div>
</nav>
`;
