// Jest Snapshot v1, https://goo.gl/fbAQLP

exports[`Tests in component <HomeScreen/> Should show the component properly 1`] = `
<div>
  <h1>
    HomeScreen
  </h1>
  <hr />
  <pre>
    {
   "name": "Raul",
   "email": "test@email.com"
}
  </pre>
</div>
`;
